> Task :app:preBuild UP-TO-DATE
> Task :app:preDebugBuild UP-TO-DATE
> Task :app:mergeDebugNativeDebugMetadata NO-SOURCE
> Task :app:checkKotlinGradlePluginConfigurationErrors SKIPPED
> Task :app:generateDebugBuildConfig
> Task :app:generateDebugResValues
> Task :app:mapDebugSourceSetPaths
> Task :app:generateDebugResources
> Task :app:checkDebugAarMetadata
> Task :app:packageDebugResources
> Task :app:createDebugCompatibleScreenManifests
> Task :app:extractDeepLinksDebug
> Task :app:parseDebugLocalResources
> Task :app:mergeDebugResources
> Task :app:processDebugMainManifest
> Task :app:processDebugManifest
> Task :app:mergeDebugShaders
> Task :app:compileDebugShaders NO-SOURCE
> Task :app:generateDebugAssets UP-TO-DATE
> Task :app:mergeDebugAssets
> Task :app:compressDebugAssets
> Task :app:desugarDebugFileDependencies
> Task :app:javaPreCompileDebug
> Task :app:mergeDebugJniLibFolders
> Task :app:validateSigningDebug
> Task :app:writeDebugAppMetadata
> Task :app:mergeDebugNativeLibs
> Task :app:writeDebugSigningConfigVersions
> Task :app:preDebugUnitTestBuild UP-TO-DATE
> Task :app:javaPreCompileDebugUnitTest
> Task :app:processDebugManifestForPackage
> Task :app:checkDebugDuplicateClasses
> Task :app:stripDebugDebugSymbols
> Task :app:mergeLibDexDebug
> Task :app:processDebugResources
> Task :app:kspDebugKotlin
> Task :app:mergeExtDexDebug

> Task :app:compileDebugKotlin
w: file:///EXTRACTED_PROJECT/app/src/main/java/io/hkmario/monologue/ui/AppHost.kt:68:537 'val Icons.Outlined.ArrowBack: ImageVector' is deprecated. Use the AutoMirrored version at Icons.AutoMirrored.Outlined.ArrowBack.
w: file:///EXTRACTED_PROJECT/app/src/main/java/io/hkmario/monologue/ui/Components.kt:77:43 'val Icons.Outlined.QueueMusic: ImageVector' is deprecated. Use the AutoMirrored version at Icons.AutoMirrored.Outlined.QueueMusic.
w: file:///EXTRACTED_PROJECT/app/src/main/java/io/hkmario/monologue/ui/Screens.kt:137:51 'val Icons.Outlined.QueueMusic: ImageVector' is deprecated. Use the AutoMirrored version at Icons.AutoMirrored.Outlined.QueueMusic.

> Task :app:compileDebugJavaWithJavac
> Task :app:dexBuilderDebug
> Task :app:processDebugJavaRes
> Task :app:mergeDebugGlobalSynthetics
> Task :app:mergeProjectDexDebug
> Task :app:bundleDebugClassesToRuntimeJar
> Task :app:bundleDebugClassesToCompileJar
> Task :app:kspDebugUnitTestKotlin
> Task :app:compileDebugUnitTestKotlin
> Task :app:compileDebugUnitTestJavaWithJavac NO-SOURCE
> Task :app:processDebugUnitTestJavaRes
> Task :app:mergeDebugJavaResource
> Task :app:testDebugUnitTest
> Task :app:packageDebug
> Task :app:createDebugApkListingFileRedirect
> Task :app:assembleDebug

BUILD SUCCESSFUL in 24s
45 actionable tasks: 45 executed
